// Jest Snapshot v1, https://goo.gl/fbAQLP

exports[`Homepage Show Correct render of NasaPopUp 1`] = `
Object {
  "asFragment": [Function],
  "baseElement": <body>
    <div>
      <div
        class="popUp"
        id="0"
      >
        <h1
          class="popUpTitle"
        />
        <img
          alt="nasa"
          class="popUpImage"
          src=""
        />
        <p
          class="popUpDescription"
        />
        <p
          class="credit"
        >
          <span>
            Image Created by
          </span>
          <span />
          <span>
            on
          </span>
          <span />
        </p>
        <button
          class="nasaSecondButton"
          type="submit"
        >
          Back
        </button>
      </div>
    </div>
  </body>,
  "container": <div>
    <div
      class="popUp"
      id="0"
    >
      <h1
        class="popUpTitle"
      />
      <img
        alt="nasa"
        class="popUpImage"
        src=""
      />
      <p
        class="popUpDescription"
      />
      <p
        class="credit"
      >
        <span>
          Image Created by
        </span>
        <span />
        <span>
          on
        </span>
        <span />
      </p>
      <button
        class="nasaSecondButton"
        type="submit"
      >
        Back
      </button>
    </div>
  </div>,
  "debug": [Function],
  "findAllByAltText": [Function],
  "findAllByDisplayValue": [Function],
  "findAllByLabelText": [Function],
  "findAllByPlaceholderText": [Function],
  "findAllByRole": [Function],
  "findAllByTestId": [Function],
  "findAllByText": [Function],
  "findAllByTitle": [Function],
  "findByAltText": [Function],
  "findByDisplayValue": [Function],
  "findByLabelText": [Function],
  "findByPlaceholderText": [Function],
  "findByRole": [Function],
  "findByTestId": [Function],
  "findByText": [Function],
  "findByTitle": [Function],
  "getAllByAltText": [Function],
  "getAllByDisplayValue": [Function],
  "getAllByLabelText": [Function],
  "getAllByPlaceholderText": [Function],
  "getAllByRole": [Function],
  "getAllByTestId": [Function],
  "getAllByText": [Function],
  "getAllByTitle": [Function],
  "getByAltText": [Function],
  "getByDisplayValue": [Function],
  "getByLabelText": [Function],
  "getByPlaceholderText": [Function],
  "getByRole": [Function],
  "getByTestId": [Function],
  "getByText": [Function],
  "getByTitle": [Function],
  "queryAllByAltText": [Function],
  "queryAllByDisplayValue": [Function],
  "queryAllByLabelText": [Function],
  "queryAllByPlaceholderText": [Function],
  "queryAllByRole": [Function],
  "queryAllByTestId": [Function],
  "queryAllByText": [Function],
  "queryAllByTitle": [Function],
  "queryByAltText": [Function],
  "queryByDisplayValue": [Function],
  "queryByLabelText": [Function],
  "queryByPlaceholderText": [Function],
  "queryByRole": [Function],
  "queryByTestId": [Function],
  "queryByText": [Function],
  "queryByTitle": [Function],
  "rerender": [Function],
  "unmount": [Function],
}
`;
